

Mon Apr 19 00:57:10 2021
Command line: TestDisk

TestDisk 7.1, Data Recovery Utility, July 2019
Christophe GRENIER <grenier@cgsecurity.org>
https://www.cgsecurity.org
OS: Linux, kernel 5.8.0-50-generic (#56-Ubuntu SMP Mon Apr 12 17:18:36 UTC 2021) x86_64
Compiler: GCC 9.2
ext2fs lib: 1.45.6, ntfs lib: libntfs-3g, reiserfs lib: none, ewf lib: none, curses lib: ncurses 6.1
User is not root!
Hard disk list


TestDisk exited normally.
Using locale 'en_US.UTF-8'.


Mon Apr 19 00:57:10 2021
Command line: TestDisk /debug

TestDisk 7.1, Data Recovery Utility, July 2019
Christophe GRENIER <grenier@cgsecurity.org>
https://www.cgsecurity.org
OS: Linux, kernel 5.8.0-50-generic (#56-Ubuntu SMP Mon Apr 12 17:18:36 UTC 2021) x86_64
Compiler: GCC 9.2
ext2fs lib: 1.45.6, ntfs lib: libntfs-3g, reiserfs lib: none, ewf lib: none, curses lib: ncurses 6.1
Warning: can't get size for Disk /dev/mapper/control - 0 B - 0 sectors, sector size=512
Warning: can't get size for Disk /dev/loop13 - 0 B - 0 sectors, sector size=512
Hard disk list
Disk /dev/sda - 26 GB / 24 GiB - CHS 25088 64 32, sector size=512 - QEMU QEMU HARDDISK, FW:2.5+
Disk /dev/sdb - 536 MB / 512 MiB - CHS 1011 17 61, sector size=512 - QEMU QEMU HARDDISK, FW:2.5+
Disk /dev/loop0 - 52 MB / 49 MiB - 102072 sectors (RO), sector size=512
Disk /dev/loop1 - 52 MB / 50 MiB - 103368 sectors (RO), sector size=512
Disk /dev/loop10 - 33 MB / 32 MiB - 66096 sectors (RO), sector size=512
Disk /dev/loop11 - 33 MB / 32 MiB - 66096 sectors (RO), sector size=512
Disk /dev/loop12 - 72 MB / 68 MiB - 140944 sectors (RO), sector size=512
Disk /dev/loop2 - 104 MB / 99 MiB - 203184 sectors (RO), sector size=512
Disk /dev/loop3 - 103 MB / 99 MiB - 203056 sectors (RO), sector size=512
Disk /dev/loop4 - 58 MB / 55 MiB - 113592 sectors (RO), sector size=512
Disk /dev/loop5 - 58 MB / 55 MiB - 113560 sectors (RO), sector size=512
Disk /dev/loop6 - 64 MB / 61 MiB - 126224 sectors (RO), sector size=512
Disk /dev/loop7 - 20 KB / 20 KiB - 40 sectors (RO), sector size=512
Disk /dev/loop8 - 72 MB / 68 MiB - 140760 sectors (RO), sector size=512
Disk /dev/loop9 - 64 MB / 61 MiB - 126408 sectors (RO), sector size=512

Partition table type (auto): None
Disk /dev/sda - 26 GB / 24 GiB - QEMU QEMU HARDDISK
Partition table type: EFI GPT

Interface Advanced
Bad GPT partition, invalid signature.
Trying alternate GPT
Bad GPT partition, invalid signature.

Interface Advanced
Bad GPT partition, invalid signature.
Trying alternate GPT
Bad GPT partition, invalid signature.
New options :
 Dump : No
 Align partition: Yes
 Expert mode : No

Analyse Disk /dev/sda - 26 GB / 24 GiB - CHS 25088 64 32
Bad GPT partition, invalid signature.
Trying alternate GPT
Bad GPT partition, invalid signature.
Current partition structure:
Bad GPT partition, invalid signature.
Trying alternate GPT
Bad GPT partition, invalid signature.

search_part()
Disk /dev/sda - 26 GB / 24 GiB - CHS 25088 64 32
FAT32 at 43/15/3
Bad root_cluster
FAT12 at 43/15/4
FAT1 : 1-9
FAT2 : 10-18
start_rootdir : 19
Data : 33-2879
sectors : 2880
cluster_size : 1
no_of_cluster : 2847 (2 - 2848)
fat_length 9 calculated 9
FAT differs, FAT sectors=0-9/9
heads/cylinder 2 (FAT) != 64 (HD)
sect/track 18 (FAT) != 32 (HD)

FAT12 at 43/15/4
     MS Data                    88547      91426       2880 [NO NAME]
     FAT12, blocksize=512, 1474 KB / 1440 KiB

block_group_nr 1

recover_EXT2: part_offset problem

block_group_nr 1

recover_EXT2: "e2fsck -b 32768 -B 4096 device" may be needed
recover_EXT2: s_block_group_nr=1/196, s_mnt_count=0/4294967295, s_blocks_per_group=32768, s_inodes_per_group=8000
recover_EXT2: s_blocksize=4096
recover_EXT2: s_blocks_count 6422528
recover_EXT2: part_size 51380224
Filesystem created: Thu Jan 28 20:48:09 2021
Last mount time:    Thu Jan 28 20:48:10 2021
     Linux filesys. data            0   51380223   51380224
     ext4 blocksize=4096 Large_file Sparse_SB Backup_SB, 26 GB / 24 GiB
Partition not added.

block_group_nr 3

recover_EXT2: part_offset problem

block_group_nr 3

recover_EXT2: "e2fsck -b 98304 -B 4096 device" may be needed
recover_EXT2: s_block_group_nr=3/196, s_mnt_count=0/4294967295, s_blocks_per_group=32768, s_inodes_per_group=8000
recover_EXT2: s_blocksize=4096
recover_EXT2: s_blocks_count 6422528
recover_EXT2: part_size 51380224
Filesystem created: Thu Jan 28 20:48:09 2021
Last mount time:    Thu Jan 28 20:48:10 2021
     Linux filesys. data            0   51380223   51380224
     ext4 blocksize=4096 Large_file Sparse_SB Backup_SB, 26 GB / 24 GiB
Partition not added.
FAT32 at 532/28/19
Bad root_cluster
FAT12 at 532/28/20
FAT1 : 1-9
FAT2 : 10-18
start_rootdir : 19
Data : 33-2879
sectors : 2880
cluster_size : 1
no_of_cluster : 2847 (2 - 2848)
fat_length 9 calculated 9
FAT differs, FAT sectors=0-9/9
heads/cylinder 2 (FAT) != 64 (HD)
sect/track 18 (FAT) != 32 (HD)

FAT12 at 532/28/20
     MS Data                  1090451    1093330       2880 [NO NAME]
     FAT12, blocksize=512, 1474 KB / 1440 KiB

block_group_nr 5

recover_EXT2: part_offset problem

block_group_nr 5

recover_EXT2: "e2fsck -b 163840 -B 4096 device" may be needed
recover_EXT2: s_block_group_nr=5/196, s_mnt_count=0/4294967295, s_blocks_per_group=32768, s_inodes_per_group=8000
recover_EXT2: s_blocksize=4096
recover_EXT2: s_blocks_count 6422528
recover_EXT2: part_size 51380224
Filesystem created: Thu Jan 28 20:48:09 2021
Last mount time:    Thu Jan 28 20:48:10 2021
     Linux filesys. data            0   51380223   51380224
     ext4 blocksize=4096 Large_file Sparse_SB Backup_SB, 26 GB / 24 GiB
Partition not added.

block_group_nr 7

recover_EXT2: part_offset problem

block_group_nr 7

recover_EXT2: "e2fsck -b 229376 -B 4096 device" may be needed
recover_EXT2: s_block_group_nr=7/196, s_mnt_count=0/4294967295, s_blocks_per_group=32768, s_inodes_per_group=8000
recover_EXT2: s_blocksize=4096
recover_EXT2: s_blocks_count 6422528
recover_EXT2: part_size 51380224
Filesystem created: Thu Jan 28 20:48:09 2021
Last mount time:    Thu Jan 28 20:48:10 2021
     Linux filesys. data            0   51380223   51380224
     ext4 blocksize=4096 Large_file Sparse_SB Backup_SB, 26 GB / 24 GiB
Partition not added.

block_group_nr 9

recover_EXT2: part_offset problem

block_group_nr 9

recover_EXT2: "e2fsck -b 294912 -B 4096 device" may be needed
recover_EXT2: s_block_group_nr=9/196, s_mnt_count=0/4294967295, s_blocks_per_group=32768, s_inodes_per_group=8000
recover_EXT2: s_blocksize=4096
recover_EXT2: s_blocks_count 6422528
recover_EXT2: part_size 51380224
Filesystem created: Thu Jan 28 20:48:09 2021
Last mount time:    Thu Jan 28 20:48:10 2021
     Linux filesys. data            0   51380223   51380224
     ext4 blocksize=4096 Large_file Sparse_SB Backup_SB, 26 GB / 24 GiB
Partition not added.
Search for partition aborted

Results
   P MS Data                    88547      91426       2880 [NO NAME]
     FAT12, blocksize=512, 1474 KB / 1440 KiB
   P MS Data                  1090451    1093330       2880 [NO NAME]
     FAT12, blocksize=512, 1474 KB / 1440 KiB

Hint for advanced users: dmsetup may be used if you prefer to avoid rewriting the partition table for the moment:
echo "0 2880 linear /dev/sda 88547" | dmsetup create test0
echo "0 2880 linear /dev/sda 1090451" | dmsetup create test1

interface_write()
 1 P MS Data                    88547      91426       2880 [NO NAME]
 2 P MS Data                  1090451    1093330       2880 [NO NAME]
simulate write!

TestDisk exited normally.
